// Jest Snapshot v1, https://goo.gl/fbAQLP

exports[`should render correctly 1`] = `
Array [
  "Veuillez entrer votre nom complet :",
  <div
    className="row af-form__group"
  >
    <div
      className="col-md-2"
    >
      <label
        className="af-form__group-label"
        htmlFor="firstName"
      >
        Pr√©nom
      </label>
    </div>
    <div
      className="col-md-10"
    >
      <div
        className="af-form__text"
      >
        <input
          autoFocus={null}
          className="af-form__input-text"
          disabled={false}
          id="firstName"
          name="firstName"
          onBlur={[Function]}
          onChange={[Function]}
          onFocus={[Function]}
          placeholder={null}
          readOnly={false}
          tabIndex={null}
          type="text"
          value="Aymeric"
        />
      </div>
      <small
        className="af-form__help"
      />
    </div>
  </div>,
  <div
    className="row af-form__group"
  >
    <div
      className="col-md-2"
    >
      <label
        className="af-form__group-label"
        htmlFor="lastName"
      >
        Nom
      </label>
    </div>
    <div
      className="col-md-10"
    >
      <div
        className="af-form__text"
      >
        <input
          autoFocus={null}
          className="af-form__input-text"
          disabled={false}
          id="lastName"
          name="lastName"
          onBlur={[Function]}
          onChange={[Function]}
          onFocus={[Function]}
          placeholder={null}
          readOnly={false}
          tabIndex={null}
          type="text"
          value="Giraudet"
        />
      </div>
      <small
        className="af-form__help"
      />
    </div>
  </div>,
  <button
    className="btn af-btn"
    onClick={[Function]}
  >
    Envoyer
  </button>,
  <p>
    Bonjour Aymeric Giraudet !
  </p>,
]
`;
